// Jest Snapshot v1, https://goo.gl/fbAQLP

exports[`answer question will match snapshot 1`] = `
Object {
  "asFragment": [Function],
  "baseElement": <body>
    <div>
      <div
        style="display: flex; justify-content: center; text-align: center;"
      >
        <div>
          <h2>
            Poll by undefined
          </h2>
          <img
            alt="Image"
            style="width: 200px; border-radius: 50%;"
          />
          <h1>
            Would You Rather
          </h1>
          <div
            class="answer"
            style="width: 100%; display: flex; justify-content: center; align-items: stretch;"
          >
            <div
              style="border: 1px solid #85b2f9; display: inline-block; padding: 10px; margin-right: 10px;"
            >
              <h3>
                 
              </h3>
              <br />
              <span
                style="display: none;"
              >
                voted people: 
                <br />
                 percentage:
                NaN
                %
              </span>
            </div>
            <div
              style="border: 1px solid #85b2f9; display: inline-block; padding: 10px;"
            >
              <h3>
                 
              </h3>
              <br />
              <span
                style="display: none;"
              >
                voted people: 
                <br />
                 percentage:
                NaN
                %
              </span>
            </div>
          </div>
        </div>
      </div>
    </div>
  </body>,
  "container": <div>
    <div
      style="display: flex; justify-content: center; text-align: center;"
    >
      <div>
        <h2>
          Poll by undefined
        </h2>
        <img
          alt="Image"
          style="width: 200px; border-radius: 50%;"
        />
        <h1>
          Would You Rather
        </h1>
        <div
          class="answer"
          style="width: 100%; display: flex; justify-content: center; align-items: stretch;"
        >
          <div
            style="border: 1px solid #85b2f9; display: inline-block; padding: 10px; margin-right: 10px;"
          >
            <h3>
               
            </h3>
            <br />
            <span
              style="display: none;"
            >
              voted people: 
              <br />
               percentage:
              NaN
              %
            </span>
          </div>
          <div
            style="border: 1px solid #85b2f9; display: inline-block; padding: 10px;"
          >
            <h3>
               
            </h3>
            <br />
            <span
              style="display: none;"
            >
              voted people: 
              <br />
               percentage:
              NaN
              %
            </span>
          </div>
        </div>
      </div>
    </div>
  </div>,
  "debug": [Function],
  "findAllByAltText": [Function],
  "findAllByDisplayValue": [Function],
  "findAllByLabelText": [Function],
  "findAllByPlaceholderText": [Function],
  "findAllByRole": [Function],
  "findAllByTestId": [Function],
  "findAllByText": [Function],
  "findAllByTitle": [Function],
  "findByAltText": [Function],
  "findByDisplayValue": [Function],
  "findByLabelText": [Function],
  "findByPlaceholderText": [Function],
  "findByRole": [Function],
  "findByTestId": [Function],
  "findByText": [Function],
  "findByTitle": [Function],
  "getAllByAltText": [Function],
  "getAllByDisplayValue": [Function],
  "getAllByLabelText": [Function],
  "getAllByPlaceholderText": [Function],
  "getAllByRole": [Function],
  "getAllByTestId": [Function],
  "getAllByText": [Function],
  "getAllByTitle": [Function],
  "getByAltText": [Function],
  "getByDisplayValue": [Function],
  "getByLabelText": [Function],
  "getByPlaceholderText": [Function],
  "getByRole": [Function],
  "getByTestId": [Function],
  "getByText": [Function],
  "getByTitle": [Function],
  "queryAllByAltText": [Function],
  "queryAllByDisplayValue": [Function],
  "queryAllByLabelText": [Function],
  "queryAllByPlaceholderText": [Function],
  "queryAllByRole": [Function],
  "queryAllByTestId": [Function],
  "queryAllByText": [Function],
  "queryAllByTitle": [Function],
  "queryByAltText": [Function],
  "queryByDisplayValue": [Function],
  "queryByLabelText": [Function],
  "queryByPlaceholderText": [Function],
  "queryByRole": [Function],
  "queryByTestId": [Function],
  "queryByText": [Function],
  "queryByTitle": [Function],
  "rerender": [Function],
  "unmount": [Function],
}
`;
