// Jest Snapshot v1, https://goo.gl/fbAQLP

exports[`Login page will match to snapshot 1`] = `
Object {
  "asFragment": [Function],
  "baseElement": <body>
    <div>
      <div
        class="card"
        style="position: absolute; width: 100%; top: 50%; text-align: center; transform: translateY(-50%);"
      >
        <div
          class="text-center"
        >
          <h1>
            Employee Polls
          </h1>
          <h1>
            Login
          </h1>
        </div>
        <div
          style="margin-bottom: 10px;"
        >
          <span>
            <label
              for="username"
              style="margin-right: 8px;"
            >
              Username
            </label>
            <input
              data-testid="username-input"
              id="username"
              style="padding: 8px;"
              type="text"
              value=""
            />
          </span>
        </div>
        <div
          style="margin-bottom: 10px;"
        >
          <span
            class="p-float-label"
          >
            <label
              for="password"
              style="margin-right: 8px;"
            >
              Password
            </label>
            <input
              data-testid="password-input"
              id="password"
              style="padding: 8px;"
              type="text"
              value=""
            />
          </span>
        </div>
        <div>
          <input
            data-testid="submit"
            type="submit"
            value="Login"
          />
        </div>
      </div>
    </div>
  </body>,
  "container": <div>
    <div
      class="card"
      style="position: absolute; width: 100%; top: 50%; text-align: center; transform: translateY(-50%);"
    >
      <div
        class="text-center"
      >
        <h1>
          Employee Polls
        </h1>
        <h1>
          Login
        </h1>
      </div>
      <div
        style="margin-bottom: 10px;"
      >
        <span>
          <label
            for="username"
            style="margin-right: 8px;"
          >
            Username
          </label>
          <input
            data-testid="username-input"
            id="username"
            style="padding: 8px;"
            type="text"
            value=""
          />
        </span>
      </div>
      <div
        style="margin-bottom: 10px;"
      >
        <span
          class="p-float-label"
        >
          <label
            for="password"
            style="margin-right: 8px;"
          >
            Password
          </label>
          <input
            data-testid="password-input"
            id="password"
            style="padding: 8px;"
            type="text"
            value=""
          />
        </span>
      </div>
      <div>
        <input
          data-testid="submit"
          type="submit"
          value="Login"
        />
      </div>
    </div>
  </div>,
  "debug": [Function],
  "findAllByAltText": [Function],
  "findAllByDisplayValue": [Function],
  "findAllByLabelText": [Function],
  "findAllByPlaceholderText": [Function],
  "findAllByRole": [Function],
  "findAllByTestId": [Function],
  "findAllByText": [Function],
  "findAllByTitle": [Function],
  "findByAltText": [Function],
  "findByDisplayValue": [Function],
  "findByLabelText": [Function],
  "findByPlaceholderText": [Function],
  "findByRole": [Function],
  "findByTestId": [Function],
  "findByText": [Function],
  "findByTitle": [Function],
  "getAllByAltText": [Function],
  "getAllByDisplayValue": [Function],
  "getAllByLabelText": [Function],
  "getAllByPlaceholderText": [Function],
  "getAllByRole": [Function],
  "getAllByTestId": [Function],
  "getAllByText": [Function],
  "getAllByTitle": [Function],
  "getByAltText": [Function],
  "getByDisplayValue": [Function],
  "getByLabelText": [Function],
  "getByPlaceholderText": [Function],
  "getByRole": [Function],
  "getByTestId": [Function],
  "getByText": [Function],
  "getByTitle": [Function],
  "queryAllByAltText": [Function],
  "queryAllByDisplayValue": [Function],
  "queryAllByLabelText": [Function],
  "queryAllByPlaceholderText": [Function],
  "queryAllByRole": [Function],
  "queryAllByTestId": [Function],
  "queryAllByText": [Function],
  "queryAllByTitle": [Function],
  "queryByAltText": [Function],
  "queryByDisplayValue": [Function],
  "queryByLabelText": [Function],
  "queryByPlaceholderText": [Function],
  "queryByRole": [Function],
  "queryByTestId": [Function],
  "queryByText": [Function],
  "queryByTitle": [Function],
  "rerender": [Function],
  "unmount": [Function],
}
`;
